     1                                  ;--------------------------------------------------------------------
     2                                  ;    RUN TIME ROUTINE for GAME86
     3                                  ;              in NASM
     4                                  ;                                           
     5                                  ;    original by  Jun Mizutani, March.27 1989
     6                                  ;--------------------------------------------------------------------
     7                                  
     8                                  	CPU 8086
     9                                  %ifdef DOS
    10                                  COMOFFSET equ 100h
    11                                  %endif
    12                                  %ifdef RAW
    13                                  COMOFFSET equ 0
    14                                  %endif
    15                                  
    16                                  CODE SEGMENT  BYTE
    17                                  ;          ASSUME   DS:data
    18                                  RNDSEED    EQU  01F0H+COMOFFSET
    19                                  OBJEND     EQU  01F4H+COMOFFSET
    20                                  REMAINDER  equ  01F8H+COMOFFSET
    21                                  ESEG       equ  01FCH+COMOFFSET
    22                                  INBUFFER   EQU  0234H+COMOFFSET ;'[' ;01FEH
    23                                  ;;RNDSEED    EQU  01C0H
    24                                  ;;OBJEND     EQU  01C2H
    25                                  ;;REMAINDER  equ  01C4H
    26                                  ;;ESEG       equ  01C6H
    27                                  ;;INBUFFER   EQU  01C8H
    28                                  ;RNDSEED    EQU  03FAH
    29                                  ;OBJEND     EQU  03F8H
    30                                  ;INBUFFER   EQU  03F0H
    31                                  ;
    32                                  ;DATAAREA   EQU  1000H
    33                                  ;
    34                                  ; SS: 02000h
    35                                  ;STACKSPACE EQU  0000H
    36                                  ; code
    37                                  ;;;USERSTART  EQU  0200H+COMOFFSET
    38                                  USERSTART  EQU  0300H+COMOFFSET
    39                                  ;
    40                                  
    41                                  
    42                                  ;          ASSUME   CS:CODE
    43                                  	;org 000h, 0400h:0000h
    44                                  start_off equ 0000h+COMOFFSET
    45                                  ;        TIMES start_off-($-$$) DB 00h   ;0FFh
    46                                  	org start_off
    47                                  
    48                                  	section .text
    49                                  
    50                                  entrypoints:	
    51 00000000 E9D201                       JMP near  STARTUP
    52 00000003 E9AF01                       JMP near putc
    53 00000006 E9A500                       JMP near PRINT
    54 00000009 E94B00                       JMP near CRLF
    55 0000000C E95300                       JMP near TAB
    56 0000000F E96500                       JMP near HEX2
    57 00000012 E95700                       JMP near HEX4
    58 00000015 E9ED00                       JMP near PRINT_RIGHT
    59 00000018 E9A100                       JMP near PRINT_LEFT
    60 0000001B E9A601                       JMP near getc
    61 0000001E E91D01                       JMP near INPUT
    62                                       ;JMP near ABSS		;obsolete
    63 00000021 E96900                       JMP near RND
    64 00000024 E92700                       JMP near IRETX
    65 00000027 FB                           STI ; EI
    66 00000028 C3                            RET
    67 00000029 90                            NOP
    68 0000002A FA                           CLI ; DI
    69 0000002B C3                            RET
    70 0000002C 90                            NOP
    71 0000002D E90900                       JMP near intEntry
    72 00000030 E90900                       JMP near NMIEntry
    73 00000033 E90F00                       JMP near div0Entry
    74                                       HALT:
    75 00000036 F4                      	HLT
    76 00000037 90                      	NOP
    77 00000038 90                      	NOP
    78                                  	
    79                                  	;; 
    80                                  intEntry:
    81                                  ;	push di
    82                                  ;	push si
    83                                  ;	push ax
    84                                  ;	push bx
    85                                  ;	push cx
    86                                  ;	push dx
    87 00000039 E9A401                  	jmp intTest	; jump to Int routine
    88                                  NMIEntry:
    89 0000003C 57                      	push di
    90 0000003D 56                      	push si
    91 0000003E 50                      	push ax
    92 0000003F 53                      	push bx
    93 00000040 51                      	push cx
    94 00000041 52                      	push dx
    95 00000042 E9(0000)                	jmp 0	; jump to NMI routine
    96                                  ;	jmp nmiTest	; jump to NMI routine
    97                                  
    98                                  div0Entry:
    99 00000045 57                      	push di
   100 00000046 56                      	push si
   101 00000047 50                      	push ax
   102 00000048 53                      	push bx
   103 00000049 51                      	push cx
   104 0000004A 52                      	push dx
   105 0000004B E9(0000)                	jmp 0	; jump to 0div routine
   106                                  	;; 
   107                                  IRETX:
   108 0000004E 5A                      	pop dx ;drop PC
   109                                  IRETX1:
   110 0000004F 5A                      	pop dx
   111 00000050 59                      	pop cx
   112 00000051 5B                      	pop bx
   113 00000052 58                      	pop ax
   114 00000053 5E                      	pop si
   115 00000054 5F                      	pop di
   116 00000055 FB                      	sti
   117 00000056 CF                      	iret
   118                                  	;; 
   119                                  CRLF:                ; CR/LF
   120 00000057 B00D                         MOV  AL,0DH
   121 00000059 E85901                       CALL putc
   122 0000005C B00A                         MOV  AL,0AH
   123 0000005E E85401                       CALL putc
   124 00000061 C3                           RET
   125                                  ;
   126                                  TAB:              ; out Spaces, AX has # of spaces 
   127 00000062 89C1                         MOV  CX,AX
   128 00000064 B020                         MOV  AL,' '
   129                                     TAB1:
   130 00000066 E84C01                       CALL putc
   131 00000069 E2FB                         LOOP TAB1
   132 0000006B C3                           RET
   133                                  ;
   134                                  HEX4:                ; output 4 column hexadecimal no.
   135 0000006C 50                      	PUSH AX
   136 0000006D 88E0                    	MOV  AL,AH
   137 0000006F E80500                  	CALL HEX2
   138 00000072 58                      	POP  AX
   139 00000073 E80100                  	CALL HEX2
   140 00000076 C3                      	RET
   141                                  
   142                                  HEX2:             ; output 2 column hexadecimal no.
   143 00000077 88C5                    	MOV  CH,AL
   144 00000079 B104                    	MOV  CL,4
   145 0000007B D2E8                    	SHR  AL,CL
   146 0000007D E80200                  	CALL HEX1
   147 00000080 88E8                    	MOV  AL,CH
   148                                  HEX1:
   149 00000082 240F                            and al,0Fh
   150 00000084 0490                            add al, 90h
   151 00000086 27                              daa
   152 00000087 1440                            adc al, 40h
   153 00000089 27                              daa
   154 0000008A E92801                  	jmp putc
   155                                  
   156                                  RND:   ; AX returns random #
   157 0000008D 53                           PUSH BX
   158 0000008E 57                           PUSH DI
   159 0000008F 50                           PUSH AX
   160 00000090 BFF002                       MOV  DI,RNDSEED            ; work for seed
   161 00000093 B8093D                       MOV  AX,3D09H
   162 00000096 2E8B1D                       MOV  BX,CS:[DI]
   163 00000099 F7E3                         MUL  BX
   164 0000009B 40                           INC  AX
   165 0000009C 2E8905                       MOV  CS:[DI],AX
   166 0000009F 5B                           POP  BX
   167 000000A0 88E0                         MOV  AL,AH
   168 000000A2 30E4                         XOR  AH,AH
   169 000000A4 F7E3                         MUL  BX
   170 000000A6 88E0                         MOV  AL,AH
   171 000000A8 30E4                         XOR  AH,AH
   172 000000AA 40                           INC  AX
   173 000000AB 5F                           POP  DI
   174 000000AC 5B                           POP  BX
   175 000000AD C3                           RET
   176                                  
   177                                  
   178                                  PRINT:     ; DI : Address  CX : No of Char
   179 000000AE 85C9                         TEST CX,CX
   180 000000B0 7409                         JZ   PR2
   181                                    PR1:
   182 000000B2 2E8A05                       MOV  AL,CS:[DI]
   183 000000B5 E8FD00                       CALL putc
   184 000000B8 47                           INC  DI
   185 000000B9 E2F7                         LOOP PR1
   186                                    PR2:
   187 000000BB C3                           RET
   188                                  
   189                                  PRINT_LEFT:
   190 000000BC 85C0                         TEST AX,AX
   191 000000BE 7909                         JNS  PL1
   192 000000C0 F7D8                         NEG  AX
   193 000000C2 50                           PUSH AX
   194 000000C3 B02D                         MOV  AL,'-'
   195 000000C5 E8ED00                       CALL putc
   196 000000C8 58                           POP  AX
   197                                     PL1:
   198 000000C9 31C9                         XOR  CX,CX
   199 000000CB BB1027                       MOV  BX,10000
   200 000000CE E81800                       CALL PLSUB
   201 000000D1 BBE803                       MOV  BX,1000
   202 000000D4 E81200                       CALL PLSUB
   203 000000D7 BB6400                       MOV  BX,100
   204 000000DA E80C00                       CALL PLSUB
   205 000000DD BB0A00                       MOV  BX,10
   206 000000E0 E80600                       CALL PLSUB
   207 000000E3 0430                         ADD  AL,'0'
   208 000000E5 E8CD00                       CALL putc
   209 000000E8 C3                           RET
   210                                     PLSUB:
   211 000000E9 31D2                         XOR  DX,DX
   212 000000EB F7F3                         DIV  BX
   213 000000ED 52                           PUSH DX
   214 000000EE 85C0                         TEST AX,AX
   215 000000F0 7408                         JZ   PS1
   216 000000F2 0430                         ADD  AL,'0'
   217 000000F4 E8BE00                       CALL putc
   218 000000F7 41                           INC  CX
   219 000000F8 EB09                         JMP  PS2
   220                                     PS1:
   221 000000FA 85C9                         TEST CX,CX
   222 000000FC 7405                         JZ   PS2
   223 000000FE B030                         MOV  AL,'0'
   224 00000100 E8B200                       CALL putc
   225                                     PS2:
   226 00000103 58                           POP  AX
   227 00000104 C3                           RET
   228                                     ;ENDP
   229                                  
   230                                  PRINT_RIGHT:     ; CX:column  AX:number
   231 00000105 85C0                         TEST AX,AX
   232 00000107 50                           PUSH AX
   233 00000108 7903                         JNS  PRR1
   234 0000010A F7D8                         NEG  AX
   235 0000010C 49                           DEC  CX
   236                                     PRR1:
   237 0000010D BB0A00                       MOV  BX,10
   238                                     PRR2:
   239 00000110 49                           DEC  CX
   240 00000111 7E16                         JLE  PRR4
   241 00000113 39D8                         CMP  AX,BX
   242 00000115 720B                         JB   PRR3
   243 00000117 50                           PUSH AX
   244 00000118 B80A00                       MOV  AX,10
   245 0000011B F7E3                         MUL  BX
   246 0000011D 89C3                         MOV  BX,AX
   247 0000011F 58                           POP  AX
   248 00000120 EBEE                         JMP  PRR2
   249                                     PRR3:
   250 00000122 B020                         MOV  AL,' '
   251 00000124 E88E00                       CALL putc
   252 00000127 E2F9                         LOOP PRR3
   253                                     PRR4:
   254 00000129 58                           POP  AX
   255 0000012A E88FFF                       CALL PRINT_LEFT
   256 0000012D C3                           RET
   257                                       ;ENDP
   258                                  
   259                                  BS:                ; Back Space
   260 0000012E B008                         MOV  AL,08H
   261 00000130 E88200                       CALL putc
   262 00000133 B020                         MOV  AL,' '
   263 00000135 E87D00                       CALL putc
   264 00000138 B008                         MOV  AL,08H
   265 0000013A E87800                       CALL putc
   266 0000013D C3                           RET
   267                                  
   268                                  
   269                                  INPUT:              ; INPUT NUMBER
   270 0000013E 53                           PUSH BX
   271 0000013F 57                           PUSH DI
   272 00000140 56                           PUSH SI
   273 00000141 BF3403                       MOV  DI,INBUFFER         ; BUFFER
   274 00000144 31C9                         XOR  CX,CX
   275 00000146 31F6                         XOR  SI,SI
   276                                     IN1:
   277 00000148 E87900                       CALL getc
   278 0000014B 3C2D                         CMP  AL,'-'              ; NEGATIVE #
   279 0000014D 750C                         JNZ  IN2
   280 0000014F 85F6                         TEST SI,SI
   281 00000151 7506                         JNZ  IN11
   282 00000153 E85F00                       CALL putc
   283 00000156 BE0100                       MOV  SI,1
   284                                     IN11:
   285 00000159 EBED                         JMP  IN1
   286                                     IN2:
   287 0000015B 3C08                         CMP  AL,08H              ; BS
   288 0000015D 750B                         JNZ  IN3
   289 0000015F 85C9                         TEST CX,CX
   290 00000161 7407                         JZ   IN3
   291 00000163 E8C8FF                       CALL BS
   292 00000166 49                           DEC  CX
   293 00000167 4F                           DEC  DI
   294 00000168 EBDE                         JMP  IN1
   295                                     IN3:
   296 0000016A 3C0D                         CMP  AL,0DH              ; CR
   297 0000016C 741E                         JZ   IN4
   298 0000016E 3C30                         CMP  AL,'0'
   299 00000170 7218                         JB   IN31
   300 00000172 3C39                         CMP  AL,'9'
   301 00000174 7714                         JA   IN31
   302 00000176 E83C00                       CALL putc
   303 00000179 2E8805                       MOV  CS:[DI],AL
   304 0000017C 47                           INC  DI
   305 0000017D 41                           INC  CX
   306 0000017E 83F906                       CMP  CX,6                ; 6 characters
   307 00000181 7302                         JAE  IN32
   308 00000183 EBC3                         JMP  IN1
   309                                     IN32:
   310 00000185 49                           DEC  CX
   311 00000186 4F                           DEC  DI
   312 00000187 E8A4FF                       CALL BS
   313                                     IN31:
   314 0000018A EBBC                         JMP  IN1
   315                                     IN4:
   316 0000018C E8C8FE                       CALL CRLF
   317 0000018F BF3403                       MOV  DI,INBUFFER
   318 00000192 31C0                         XOR  AX,AX
   319                                     IN5:
   320 00000194 85C9                         TEST CX,CX
   321 00000196 7418                         JZ   IN6
   322 00000198 30FF                         XOR  BH,BH
   323 0000019A 2E8A1D                       MOV  BL,CS:[DI]
   324 0000019D 80EB30                       SUB  BL,'0'
   325 000001A0 BA0A00                       MOV  DX,10
   326 000001A3 F7E2                         MUL  DX
   327 000001A5 01D8                         ADD  AX,BX
   328 000001A7 47                           INC  DI
   329 000001A8 E2EA                         LOOP IN5
   330 000001AA 85F6                         TEST SI,SI
   331 000001AC 7402                         JZ   IN6
   332 000001AE F7D8                         NEG  AX
   333                                     IN6:
   334 000001B0 5E                           POP  SI
   335 000001B1 5F                           POP  DI
   336 000001B2 5B                           POP  BX
   337 000001B3 C3                           RET
   338                                  
   339                                  
   340                                  ABSS:  ; abs(AX)
   341                                  ;     TEST AX,AX
   342                                  ;     JNS  ABSS1
   343                                  ;     NEG  AX
   344                                  ;  ABSS1:
   345                                  ;     RET
   346 000001B4 F4                      	hlt
   347                                  
   348                                  ;;; ;;;;;;;;;
   349                                  ; takep8088
   350                                  USARTD  equ     00h     ;8251 data register
   351                                  USARTC  equ     01h     ;8251 control register
   352                                  ;
   353                                  %ifdef DOS
   354                                  ;--------------------------
   355                                  ; DOS I/O
   356                                  ;--------------------------
   357                                  putc:
   358 000001B5 50                           push ax
   359 000001B6 53                           push bx
   360 000001B7 51                           push cx
   361 000001B8 52                           push dx
   362                                       ;MOV  AH,02H
   363 000001B9 B406                         MOV  AH,06H
   364 000001BB 88C2                         MOV  DL,AL
   365 000001BD CD21                         INT  21H
   366 000001BF 5A                           pop dx
   367 000001C0 59                           pop cx
   368 000001C1 5B                           pop bx
   369 000001C2 58                           pop ax
   370 000001C3 C3                           RET
   371                                  getc:   
   372 000001C4 53                           push bx
   373 000001C5 51                           push cx
   374 000001C6 52                           push dx
   375                                       ;MOV  AH,08H
   376                                  getc1:
   377 000001C7 B406                         MOV  AH,06H
   378 000001C9 B2FF                         MOV  DL,0ffh
   379 000001CB CD21                         INT  21H
   380 000001CD 74F8                         jz getc1
   381 000001CF 30E4                         XOR  AH,AH
   382                                       ;call putc
   383 000001D1 5A                           pop dx
   384 000001D2 59                           pop cx
   385 000001D3 5B                           pop bx
   386 000001D4 C3                           RET
   387                                  %endif
   388                                  %ifdef RAW	
   389                                  ;--------------------------
   390                                  ; Serial I/O
   391                                  ;--------------------------
   392                                  putc:   push ax
   393                                  putc1:  in      al,USARTC       ;Get status
   394                                          and     al,01h          ;check TxBUF empty
   395                                          jz      putc1           ;wait for empty
   396                                          pop     ax              ;Restore char
   397                                          out     USARTD,al       ;Out it
   398                                          ret
   399                                          ;; end of putc
   400                                  
   401                                  getc:   
   402                                  getc1:
   403                                          ;;; himatubusi SW->LED
   404                                          in al,04h               ;read SW1
   405                                          add al,al
   406                                          add al,al
   407                                          out 0Ch,al              ;out LED
   408                                          ;;; 
   409                                          in      al,USARTC       ;Get status
   410                                          and     al,02h          ;check RxBUF full
   411                                          jz      getc1           ;wait for empty
   412                                          in      al,USARTD       ;Get Char
   413                                          ret
   414                                          ;; end of getc
   415                                  %endif
   416                                  ;;; ;;;;;;;;;;;;;
   417                                  
   418                                  STARTUP:
   419 000001D5 8CCB                         MOV  BX,CS
   420 000001D7 8EC3                         MOV  ES,BX
   421 000001D9 8EDB                         MOV  DS,BX
   422                                       ;MOV  DI,OBJEND	; &"&"
   423                                       ;MOV  AX,CS:[DI]	;AX = &
   424                                  
   425                                       ;ADD  AX,STACKSPACE	;new SP = &+StackSpace
   426                                       ;MOV  SP,AX
   427                                       ;MOV  CL,4
   428                                       ;SHR  AX,CL			;AX=sp/16
   429                                       ;ADD  AX,BX			;AX=AX+CS
   430                                       ;INC  AX
   431                                       ;MOV  DS,AX
   432                                       ;ADD  AX,DATAAREA
   433                                       ;MOV  BX,AX
   434                                       ;MOV  AH,4AH
   435                                       ;INT  21H
   436 000001DB BB0004                       MOV  BX,USERSTART
   437 000001DE FFE3                         JMP  BX
   438                                  	;;
   439                                  intTest:
   440 000001E0 50                      	push ax
   441                                  	;;; 
   442 000001E1 A10202                  	mov ax,[0x202]
   443 000001E4 40                      	inc ax
   444 000001E5 A30202                  	mov [0x202],ax
   445 000001E8 E504                    	in ax,4 ;sysreg
   446 000001EA 83E002                  	and ax,2 ;time int?
   447                                  	;jz inttst0
   448 000001ED E708                    	out 08h,ax ;time int clr
   449 000001EF 01C0                    	add ax,ax
   450 000001F1 01C0                    	add ax,ax
   451                                  inttst0:	
   452 000001F3 83C803                  	or ax,3
   453 000001F6 E70C                    	out 0Ch,ax ;sysreg
   454                                  	;;; 
   455 000001F8 58                      	pop ax
   456 000001F9 FB                      	sti
   457 000001FA CF                      	iret
   458                                  	;jmp IRETX1
   459                                  ;nmiTest:	
   460                                  ;	inc word [0x21a]
   461                                  ;	iret
   462                                  
   463                                  ;;; ;
   464                                  ;start_end equ 2ffh+COMOFFSET
   465                                  ;        TIMES start_end-($-$$) DB 41h   ;0FFh
   466                                  ;	db 41h
   467                                  
   468                                  ;END
   469                                  	;mov di,ax
   470                                  	;mov al,ES:[di]
   471                                  
   472                                  
   473                                  	;mov bx,[0c0ah]
   474                                  	;mov ES,bx
   475                                  	;pop di
   476                                  	;mov ES:[di],al
   477                                  
   478                                  	;or ax,ax
   479                                  	;jz xxx
   480                                  	;;;mov ax,0FFFFh
   481                                  	;xor ax,ax
   482                                  	;dec ax
   483                                  ;xxx:	inc ax
   484                                  
   485                                  	;and bx,ax
   486                                  	;or bx,ax
   487                                  	;xor bx,ax
   488                                  	;mov dx,ax
   489                                  	;in al,dx
   490                                  	;mov dx,bx
   491                                  	;out dx,al
   492                                  	;push ax
   493                                  	;pop dx
